// Jest Snapshot v1, https://goo.gl/fbAQLP

exports[`Tasks renders correctly if no data 1`] = `
<Tasks
  courseId=""
  isLoading={false}
  studentId=""
/>
`;
